{"Grammar": [
 "E->E+T", "E->T", "T->T*F", "T->F", "F->(E)", "F->i"
]
,"parseTable": {
"Vt": ["(", ")", "*", "+", "i", "#"],
"Vn": [ "E", "F", "T"],
"Body": [
 [ "s1", "", "", "", "s5", "", 2, 3, 4]
, [ "s6", "", "", "", "s10", "", 7, 8, 9]
, [ "", "", "", "s11", "", "acc", "", "", ""]
, [ "", "", "r3", "r3", "", "r3", "", "", ""]
, [ "", "", "s12", "r1", "", "r1", "", "", ""]
, [ "", "", "r5", "r5", "", "r5", "", "", ""]
, [ "s6", "", "", "", "s10", "", 13, 8, 9]
, [ "", "s14", "", "s15", "", "", "", "", ""]
, [ "", "r3", "r3", "r3", "", "", "", "", ""]
, [ "", "r1", "s16", "r1", "", "", "", "", ""]
, [ "", "r5", "r5", "r5", "", "", "", "", ""]
, [ "s1", "", "", "", "s5", "", "", 3, 17]
, [ "s1", "", "", "", "s5", "", "", 18, ""]
, [ "", "s19", "", "s15", "", "", "", "", ""]
, [ "", "", "r4", "r4", "", "r4", "", "", ""]
, [ "s6", "", "", "", "s10", "", "", 8, 20]
, [ "s6", "", "", "", "s10", "", "", 21, ""]
, [ "", "", "s12", "r0", "", "r0", "", "", ""]
, [ "", "", "r2", "r2", "", "r2", "", "", ""]
, [ "", "r4", "r4", "r4", "", "", "", "", ""]
, [ "", "r0", "s16", "r0", "", "", "", "", ""]
, [ "", "r2", "r2", "r2", "", "", "", "", ""]
]}
,"Graph": {"All": "digraph all{node [shape=box style=filled];Grammar[style=rounded label=\"Grammar\nE->E+T\nE->T\nT->T*F\nT->F\nF->(E)\nF->i\n\" ];\nI0[label=\"I0\nE'->.E,#\nE->.E+T,+|#\nE->.T,+|#\nT->.T*F,*|+|#\nT->.F,*|+|#\nF->.(E),*|+|#\nF->.i,*|+|#\n\" ];\nI1[label=\"I1\nF->(.E),*|+|#\nE->.E+T,)|+\nE->.T,)|+\nT->.T*F,)|*|+\nT->.F,)|*|+\nF->.(E),)|*|+\nF->.i,)|*|+\n\" ];\nI2[label=\"I2\nE'->E.,#\nE->E.+T,+|#\n\" ];\nI3[label=\"I3\nT->F.,*|+|#\n\" ];\nI4[label=\"I4\nE->T.,+|#\nT->T.*F,*|+|#\n\" ];\nI5[label=\"I5\nF->i.,*|+|#\n\" ];\nI6[label=\"I6\nF->(.E),)|*|+\nE->.E+T,)|+\nE->.T,)|+\nT->.T*F,)|*|+\nT->.F,)|*|+\nF->.(E),)|*|+\nF->.i,)|*|+\n\" ];\nI7[label=\"I7\nF->(E.),*|+|#\nE->E.+T,)|+\n\" ];\nI8[label=\"I8\nT->F.,)|*|+\n\" ];\nI9[label=\"I9\nE->T.,)|+\nT->T.*F,)|*|+\n\" ];\nI10[label=\"I10\nF->i.,)|*|+\n\" ];\nI11[label=\"I11\nE->E+.T,+|#\nT->.T*F,*|+|#\nT->.F,*|+|#\nF->.(E),*|+|#\nF->.i,*|+|#\n\" ];\nI12[label=\"I12\nT->T*.F,*|+|#\nF->.(E),*|+|#\nF->.i,*|+|#\n\" ];\nI13[label=\"I13\nF->(E.),)|*|+\nE->E.+T,)|+\n\" ];\nI14[label=\"I14\nF->(E).,*|+|#\n\" ];\nI15[label=\"I15\nE->E+.T,)|+\nT->.T*F,)|*|+\nT->.F,)|*|+\nF->.(E),)|*|+\nF->.i,)|*|+\n\" ];\nI16[label=\"I16\nT->T*.F,)|*|+\nF->.(E),)|*|+\nF->.i,)|*|+\n\" ];\nI17[label=\"I17\nE->E+T.,+|#\nT->T.*F,*|+|#\n\" ];\nI18[label=\"I18\nT->T*F.,*|+|#\n\" ];\nI19[label=\"I19\nF->(E).,)|*|+\n\" ];\nI20[label=\"I20\nE->E+T.,)|+\nT->T.*F,)|*|+\n\" ];\nI21[label=\"I21\nT->T*F.,)|*|+\n\" ];\nI0 -> I1[label=\"(\"];I0 -> I2[label=\"E\"];I0 -> I3[label=\"F\"];I0 -> I4[label=\"T\"];I0 -> I5[label=\"i\"];I1 -> I6[label=\"(\"];I1 -> I7[label=\"E\"];I1 -> I8[label=\"F\"];I1 -> I9[label=\"T\"];I1 -> I10[label=\"i\"];I2 -> I11[label=\"+\"];I4 -> I12[label=\"*\"];I6 -> I6[label=\"(\"];I6 -> I13[label=\"E\"];I6 -> I8[label=\"F\"];I6 -> I9[label=\"T\"];I6 -> I10[label=\"i\"];I7 -> I14[label=\")\"];I7 -> I15[label=\"+\"];I9 -> I16[label=\"*\"];I11 -> I1[label=\"(\"];I11 -> I3[label=\"F\"];I11 -> I17[label=\"T\"];I11 -> I5[label=\"i\"];I12 -> I1[label=\"(\"];I12 -> I18[label=\"F\"];I12 -> I5[label=\"i\"];I13 -> I19[label=\")\"];I13 -> I15[label=\"+\"];I15 -> I6[label=\"(\"];I15 -> I8[label=\"F\"];I15 -> I20[label=\"T\"];I15 -> I10[label=\"i\"];I16 -> I6[label=\"(\"];I16 -> I21[label=\"F\"];I16 -> I10[label=\"i\"];I17 -> I12[label=\"*\"];I20 -> I16[label=\"*\"];Grammar -> I0[style=invis];}"
, "Simple": "digraph simple {node [shape = circle style=filled];Grammar[shape=box style=rounded label=\"Grammar\nE->E+T\nE->T\nT->T*F\nT->F\nF->(E)\nF->i\n\" ];\nI0[tooltip=\"I0\nE'->.E,#\nE->.E+T,+|#\nE->.T,+|#\nT->.T*F,*|+|#\nT->.F,*|+|#\nF->.(E),*|+|#\nF->.i,*|+|#\n\" ];\nI1[tooltip=\"I1\nF->(.E),*|+|#\nE->.E+T,)|+\nE->.T,)|+\nT->.T*F,)|*|+\nT->.F,)|*|+\nF->.(E),)|*|+\nF->.i,)|*|+\n\" ];\nI2[tooltip=\"I2\nE'->E.,#\nE->E.+T,+|#\n\" ];\nI3[tooltip=\"I3\nT->F.,*|+|#\n\" ];\nI4[tooltip=\"I4\nE->T.,+|#\nT->T.*F,*|+|#\n\" ];\nI5[tooltip=\"I5\nF->i.,*|+|#\n\" ];\nI6[tooltip=\"I6\nF->(.E),)|*|+\nE->.E+T,)|+\nE->.T,)|+\nT->.T*F,)|*|+\nT->.F,)|*|+\nF->.(E),)|*|+\nF->.i,)|*|+\n\" ];\nI7[tooltip=\"I7\nF->(E.),*|+|#\nE->E.+T,)|+\n\" ];\nI8[tooltip=\"I8\nT->F.,)|*|+\n\" ];\nI9[tooltip=\"I9\nE->T.,)|+\nT->T.*F,)|*|+\n\" ];\nI10[tooltip=\"I10\nF->i.,)|*|+\n\" ];\nI11[tooltip=\"I11\nE->E+.T,+|#\nT->.T*F,*|+|#\nT->.F,*|+|#\nF->.(E),*|+|#\nF->.i,*|+|#\n\" ];\nI12[tooltip=\"I12\nT->T*.F,*|+|#\nF->.(E),*|+|#\nF->.i,*|+|#\n\" ];\nI13[tooltip=\"I13\nF->(E.),)|*|+\nE->E.+T,)|+\n\" ];\nI14[tooltip=\"I14\nF->(E).,*|+|#\n\" ];\nI15[tooltip=\"I15\nE->E+.T,)|+\nT->.T*F,)|*|+\nT->.F,)|*|+\nF->.(E),)|*|+\nF->.i,)|*|+\n\" ];\nI16[tooltip=\"I16\nT->T*.F,)|*|+\nF->.(E),)|*|+\nF->.i,)|*|+\n\" ];\nI17[tooltip=\"I17\nE->E+T.,+|#\nT->T.*F,*|+|#\n\" ];\nI18[tooltip=\"I18\nT->T*F.,*|+|#\n\" ];\nI19[tooltip=\"I19\nF->(E).,)|*|+\n\" ];\nI20[tooltip=\"I20\nE->E+T.,)|+\nT->T.*F,)|*|+\n\" ];\nI21[tooltip=\"I21\nT->T*F.,)|*|+\n\" ];\nI0 -> I1[label=\"(\"];I0 -> I2[label=\"E\"];I0 -> I3[label=\"F\"];I0 -> I4[label=\"T\"];I0 -> I5[label=\"i\"];I1 -> I6[label=\"(\"];I1 -> I7[label=\"E\"];I1 -> I8[label=\"F\"];I1 -> I9[label=\"T\"];I1 -> I10[label=\"i\"];I2 -> I11[label=\"+\"];I4 -> I12[label=\"*\"];I6 -> I6[label=\"(\"];I6 -> I13[label=\"E\"];I6 -> I8[label=\"F\"];I6 -> I9[label=\"T\"];I6 -> I10[label=\"i\"];I7 -> I14[label=\")\"];I7 -> I15[label=\"+\"];I9 -> I16[label=\"*\"];I11 -> I1[label=\"(\"];I11 -> I3[label=\"F\"];I11 -> I17[label=\"T\"];I11 -> I5[label=\"i\"];I12 -> I1[label=\"(\"];I12 -> I18[label=\"F\"];I12 -> I5[label=\"i\"];I13 -> I19[label=\")\"];I13 -> I15[label=\"+\"];I15 -> I6[label=\"(\"];I15 -> I8[label=\"F\"];I15 -> I20[label=\"T\"];I15 -> I10[label=\"i\"];I16 -> I6[label=\"(\"];I16 -> I21[label=\"F\"];I16 -> I10[label=\"i\"];I17 -> I12[label=\"*\"];I20 -> I16[label=\"*\"];Grammar -> I0[style=invis];}"},
"parser": [
{"statusStack": " 0 ", "parseStack": "", "inStrStack": "i+i*i#", "action": "SHIFT"}
, {"statusStack": " 0  5 ", "parseStack": "i", "inStrStack": "+i*i#", "action": "REDUCE F->i"}
, {"statusStack": " 0  3 ", "parseStack": "F", "inStrStack": "+i*i#", "action": "REDUCE T->F"}
, {"statusStack": " 0  4 ", "parseStack": "T", "inStrStack": "+i*i#", "action": "REDUCE E->T"}
, {"statusStack": " 0  2 ", "parseStack": "E", "inStrStack": "+i*i#", "action": "SHIFT"}
, {"statusStack": " 0  2  <span class='underline'>11</span> ", "parseStack": "E+", "inStrStack": "i*i#", "action": "SHIFT"}
, {"statusStack": " 0  2  <span class='underline'>11</span>  5 ", "parseStack": "E+i", "inStrStack": "*i#", "action": "REDUCE F->i"}
, {"statusStack": " 0  2  <span class='underline'>11</span>  3 ", "parseStack": "E+F", "inStrStack": "*i#", "action": "REDUCE T->F"}
, {"statusStack": " 0  2  <span class='underline'>11</span>  <span class='underline'>17</span> ", "parseStack": "E+T", "inStrStack": "*i#", "action": "SHIFT"}
, {"statusStack": " 0  2  <span class='underline'>11</span>  <span class='underline'>17</span>  <span class='underline'>12</span> ", "parseStack": "E+T*", "inStrStack": "i#", "action": "SHIFT"}
, {"statusStack": " 0  2  <span class='underline'>11</span>  <span class='underline'>17</span>  <span class='underline'>12</span>  5 ", "parseStack": "E+T*i", "inStrStack": "#", "action": "REDUCE F->i"}
, {"statusStack": " 0  2  <span class='underline'>11</span>  <span class='underline'>17</span>  <span class='underline'>12</span>  <span class='underline'>18</span> ", "parseStack": "E+T*F", "inStrStack": "#", "action": "REDUCE T->T*F"}
, {"statusStack": " 0  2  <span class='underline'>11</span>  <span class='underline'>17</span> ", "parseStack": "E+T", "inStrStack": "#", "action": "REDUCE E->E+T"}
, {"statusStack": " 0  2 ", "parseStack": "E", "inStrStack": "#", "action": "ACCEPT"}]
}
